# Logfile created on 2026-03-22 14:59:17 +0300 by logger.rb/v1.7.0
I, [2026-03-22T14:59:17.292065 #317469]  INFO -- : UPDATE 20631: Name: 'Каркасы BESTÅ', Parents: ["st001", "46053", "700278"]
I, [2026-03-22T14:59:17.303916 #317469]  INFO -- : UPDATE 55031: Name: 'Какркасы шкафов BESTÅ', Parents: ["st001", "46053"]
I, [2026-03-22T14:59:17.393392 #317469]  INFO -- : UPDATE 16274: Name: 'Вешалки настенные и крючки для одежды', Parents: ["st007"]
I, [2026-03-22T14:59:17.432332 #317469]  INFO -- : UPDATE 20615: Name: 'Полки и аксессуары для ванной комнаты', Parents: ["st007"]
I, [2026-03-22T14:59:17.438648 #317469]  INFO -- : UPDATE 10573: Name: 'Товары, принадлежности для офиса', Parents: ["st007"]
I, [2026-03-22T14:59:17.442507 #317469]  INFO -- : UPDATE fu004: Name: 'Столы и стулья', Parents: []
I, [2026-03-22T14:59:17.481108 #317469]  INFO -- : UPDATE 20649: Name: 'Столы', Parents: ["fu004"]
I, [2026-03-22T14:59:17.494954 #317469]  INFO -- : UPDATE 21829: Name: 'Раскладные и раздвижные столы', Parents: ["fu004"]
I, [2026-03-22T14:59:17.516834 #317469]  INFO -- : UPDATE 700536: Name: 'Раковины, мойки, краны и смесители для кухни', Parents: ["ka001", "ka005"]
I, [2026-03-22T14:59:17.540026 #317469]  INFO -- : UPDATE 50005: Name: 'Готовые комбинации кухонь METOD', Parents: ["ka001", "ka005", "23598"]
I, [2026-03-22T14:59:17.559667 #317469]  INFO -- : UPDATE 700386: Name: 'Фасады для кухни бежевые HAVSTORP', Parents: ["ka001", "ka005", "23598", "50005"]
I, [2026-03-22T14:59:17.584841 #317469]  INFO -- : UPDATE 11844: Name: 'Столешницы для кухни', Parents: ["ka001", "ka005"]
I, [2026-03-22T14:59:17.600670 #317469]  INFO -- : UPDATE 50388: Name: 'Холодильники и морозильные камеры METOD', Parents: ["ka001", "ka005", "ka002"]
I, [2026-03-22T14:59:17.640366 #317469]  INFO -- : UPDATE 700175: Name: 'Бытовая техника', Parents: ["ka001"]
I, [2026-03-22T14:59:17.643717 #317469]  INFO -- : UPDATE 700712: Name: 'Варочные панели', Parents: ["ka001"]
I, [2026-03-22T14:59:17.694172 #317469]  INFO -- : UPDATE 15947: Name: 'Лотки для столовых приборов в ящик 60см', Parents: ["ka001", "700172"]
I, [2026-03-22T14:59:17.709383 #317469]  INFO -- : UPDATE tl001: Name: 'Ковры и напольные покрытия', Parents: []
I, [2026-03-22T14:59:17.725508 #317469]  INFO -- : UPDATE 20535: Name: 'Подушки из полиэстера', Parents: ["tl001", "20533"]
I, [2026-03-22T14:59:17.741373 #317469]  INFO -- : UPDATE 21957: Name: 'Ковры для балкона и террасы', Parents: ["tl001"]
I, [2026-03-22T14:59:17.780830 #317469]  INFO -- : UPDATE 54992: Name: 'Подушка для поясницы, поддержка спины', Parents: ["tl001"]
I, [2026-03-22T14:59:17.786851 #317469]  INFO -- : UPDATE fu003: Name: 'Раскладные диваны', Parents: ["700640"]
I, [2026-03-22T14:59:17.850488 #317469]  INFO -- : UPDATE 700220: Name: 'Полупрозрачные шторы', Parents: ["tl002"]
I, [2026-03-22T14:59:17.911476 #317469]  INFO -- : UPDATE 20808: Name: 'Светильники для шкафа в ванной комнате', Parents: ["li001"]
I, [2026-03-22T14:59:17.924919 #317469]  INFO -- : UPDATE 36812: Name: 'Умное освещение', Parents: ["li001"]
I, [2026-03-22T14:59:17.933064 #317469]  INFO -- : UPDATE de001: Name: 'Декор', Parents: []
I, [2026-03-22T14:59:17.938146 #317469]  INFO -- : UPDATE 10757: Name: 'Фотографии и декоротивные рисунки', Parents: ["de001"]
I, [2026-03-22T14:59:17.966434 #317469]  INFO -- : UPDATE 18860: Name: 'Столовая посуда', Parents: ["de001"]
I, [2026-03-22T14:59:18.003890 #317469]  INFO -- : UPDATE 20498: Name: 'Зеркала в ванную комнату', Parents: ["de001"]
I, [2026-03-22T14:59:18.018334 #317469]  INFO -- : UPDATE 47423: Name: 'Офисные и письменные системы', Parents: ["fu004"]
I, [2026-03-22T14:59:18.085665 #317469]  INFO -- : UPDATE 20636: Name: 'Горшочки для запекания в духовке', Parents: ["16043"]
I, [2026-03-22T14:59:18.113808 #317469]  INFO -- : UPDATE 700610: Name: 'Контейнеры для хранения продуктов', Parents: ["16043"]
I, [2026-03-22T14:59:18.205319 #317469]  INFO -- : UPDATE 18692: Name: 'Детское постельное белье', Parents: ["bc001", "18694"]
I, [2026-03-22T14:59:18.235808 #317469]  INFO -- : UPDATE 45780: Name: 'Мебель для малышей и новорожденных', Parents: ["bc001"]
I, [2026-03-22T14:59:18.272472 #317469]  INFO -- : UPDATE 700513: Name: 'Кровати', Parents: ["bm001"]
I, [2026-03-22T14:59:18.295521 #317469]  INFO -- : UPDATE 21967: Name: 'Мебель для дачи, сада и балкона', Parents: ["od001"]
I, [2026-03-22T14:59:18.297314 #317469]  INFO -- : UPDATE 21960: Name: 'Модуальная садовая мебель', Parents: ["od001", "21967"]
I, [2026-03-22T14:59:18.341509 #317469]  INFO -- : UPDATE 700491: Name: 'Комплекты мебели для ванной комнаты HEMNES', Parents: ["ba001", "700457"]
